#-----------------------------------------------------------
# Vivado v2021.1 (64-bit)
# SW Build 3247384 on Thu Jun 10 19:36:07 MDT 2021
# IP Build 3246043 on Fri Jun 11 00:30:35 MDT 2021
# Start of session at: Thu Oct 20 00:52:45 2022
# Process ID: 15755
# Current directory: /home/ayuba/Zybo_Image_Processing/Zybo_Image_Processing/workspace/zybo_z7_20_base_2021_1/hardware/zybo_z7_base_2021_1-vivado/zybo_z7_base_2021_1-vivado.runs/zybo_z7_20_base_2021_1_auto_pc_0_synth_1
# Command line: vivado -log zybo_z7_20_base_2021_1_auto_pc_0.vds -product Vivado -mode batch -messageDb vivado.pb -notrace -source zybo_z7_20_base_2021_1_auto_pc_0.tcl
# Log file: /home/ayuba/Zybo_Image_Processing/Zybo_Image_Processing/workspace/zybo_z7_20_base_2021_1/hardware/zybo_z7_base_2021_1-vivado/zybo_z7_base_2021_1-vivado.runs/zybo_z7_20_base_2021_1_auto_pc_0_synth_1/zybo_z7_20_base_2021_1_auto_pc_0.vds
# Journal file: /home/ayuba/Zybo_Image_Processing/Zybo_Image_Processing/workspace/zybo_z7_20_base_2021_1/hardware/zybo_z7_base_2021_1-vivado/zybo_z7_base_2021_1-vivado.runs/zybo_z7_20_base_2021_1_auto_pc_0_synth_1/vivado.jou
#-----------------------------------------------------------
source zybo_z7_20_base_2021_1_auto_pc_0.tcl -notrace
