00:57:05 **** Incremental Build of configuration Debug for project Led_app ****
make all 
make --no-print-directory pre-build
a9-linaro-pre-build-step
 
make --no-print-directory main-build
Building file: ../src/helloworld.c
Invoking: ARM v7 gcc compiler
arm-none-eabi-gcc -Wall -O0 -g3 -c -fmessage-length=0 -MT"src/helloworld.o" -mcpu=cortex-a9 -mfpu=vfpv3 -mfloat-abi=hard -I/home/ayuba/Zybo_Image_Processing/Zybo_Image_Processing/workspace/sinpleProjects/simplePlatform/export/simplePlatform/sw/simplePlatform/standalone_domain/bspinclude/include -MMD -MP -MF"src/helloworld.d" -MT"src/helloworld.o" -o "src/helloworld.o" "../src/helloworld.c"
../src/helloworld.c: In function 'driverInit':
../src/helloworld.c:59:2: warning: implicit declaration of function 'configGpio' [-Wimplicit-function-declaration]
   59 |  configGpio();
      |  ^~~~~~~~~~
../src/helloworld.c:57:6: warning: unused variable 'status' [-Wunused-variable]
   57 |  int status;
      |      ^~~~~~
../src/helloworld.c: At top level:
../src/helloworld.c:62:6: warning: conflicting types for 'configGpio'
   62 | void configGpio(){
      |      ^~~~~~~~~~
../src/helloworld.c:59:2: note: previous implicit declaration of 'configGpio' was here
   59 |  configGpio();
      |  ^~~~~~~~~~
../src/helloworld.c: In function 'configGpio':
../src/helloworld.c:63:6: warning: unused variable 'status' [-Wunused-variable]
   63 |  int status;
      |      ^~~~~~
Finished building: ../src/helloworld.c
 
Building file: ../src/platform.c
Invoking: ARM v7 gcc compiler
arm-none-eabi-gcc -Wall -O0 -g3 -c -fmessage-length=0 -MT"src/platform.o" -mcpu=cortex-a9 -mfpu=vfpv3 -mfloat-abi=hard -I/home/ayuba/Zybo_Image_Processing/Zybo_Image_Processing/workspace/sinpleProjects/simplePlatform/export/simplePlatform/sw/simplePlatform/standalone_domain/bspinclude/include -MMD -MP -MF"src/platform.d" -MT"src/platform.o" -o "src/platform.o" "../src/platform.c"
Finished building: ../src/platform.c
 
Building target: Led_app.elf
Invoking: ARM v7 gcc linker
arm-none-eabi-gcc -mcpu=cortex-a9 -mfpu=vfpv3 -mfloat-abi=hard -Wl,-build-id=none -specs=Xilinx.spec -Wl,-T -Wl,../src/lscript.ld -L/home/ayuba/Zybo_Image_Processing/Zybo_Image_Processing/workspace/sinpleProjects/simplePlatform/export/simplePlatform/sw/simplePlatform/standalone_domain/bsplib/lib -o "Led_app.elf"  ./src/helloworld.o ./src/platform.o   -Wl,--start-group,-lxil,-lgcc,-lc,--end-group
Finished building target: Led_app.elf
 
Invoking: ARM v7 Print Size
arm-none-eabi-size Led_app.elf  |tee "Led_app.elf.size"
   text	   data	    bss	    dec	    hex	filename
  20708	   1160	  22600	  44468	   adb4	Led_app.elf
Finished building: Led_app.elf.size
 

00:57:06 Build Finished (took 781ms)

