Copyright 1986-2021 Xilinx, Inc. All Rights Reserved.
--------------------------------------------------------------------------------------------------------------------------------------------------------------------------------------------------------------------------------
| Tool Version : Vivado v.2021.1 (lin64) Build 3247384 Thu Jun 10 19:36:07 MDT 2021
| Date         : Fri Oct 21 22:13:29 2022
| Host         : ayuba-VivoBook-Flip-14-ASUS-Flip-TP412UA running 64-bit Ubuntu 20.04.5 LTS
| Command      : report_methodology -file zybo_z7_20_base_2021_1_wrapper_methodology_drc_routed.rpt -pb zybo_z7_20_base_2021_1_wrapper_methodology_drc_routed.pb -rpx zybo_z7_20_base_2021_1_wrapper_methodology_drc_routed.rpx
| Design       : zybo_z7_20_base_2021_1_wrapper
| Device       : xc7z020clg400-1
| Speed File   : -1
| Design State : Fully Routed
--------------------------------------------------------------------------------------------------------------------------------------------------------------------------------------------------------------------------------

Report Methodology

Table of Contents
-----------------
1. REPORT SUMMARY
2. REPORT DETAILS

1. REPORT SUMMARY
-----------------
            Netlist: netlist
          Floorplan: design_1
      Design limits: <entire design considered>
             Max violations: <unlimited>
             Violations found: 0
+------+----------+-------------+------------+
| Rule | Severity | Description | Violations |
+------+----------+-------------+------------+
+------+----------+-------------+------------+

2. REPORT DETAILS
-----------------

